2022-01-11 19:15:32 info Info message
2022-01-11 19:15:32 alert Alert message
2022-01-11 19:15:32 error Error message
2022-01-11 19:15:32 debug Debug message
2022-01-11 19:15:32 notice Notice message
2022-01-11 19:15:32 warning Warning message
2022-01-11 19:15:32 critical Critical message
2022-01-11 19:15:32 emergency Emergency message
2022-01-11 19:19:58 info Info
2022-01-11 19:19:58 alert Alert
2022-01-11 19:19:58 error Error
2022-01-11 19:19:58 debug Debug
2022-01-11 19:19:58 notice Notice
2022-01-11 19:19:58 warning Warning
2022-01-11 19:19:58 critical Critical
2022-01-11 19:19:58 emergency Emergency
2022-01-11 19:21:42 info Info
2022-01-11 19:21:42 alert Alert
2022-01-11 19:21:42 error Error
2022-01-11 19:21:42 debug Debug
2022-01-11 19:21:42 notice Notice
2022-01-11 19:21:42 warning Warning
2022-01-11 19:21:42 critical Critical
2022-01-11 19:21:42 emergency Emergency
2022-01-11 19:28:28 info Info
2022-01-11 19:28:28 alert Alert
2022-01-11 19:28:28 error Error
2022-01-11 19:28:28 debug Debug
2022-01-11 19:28:28 notice Notice
2022-01-11 19:28:28 warning Warning
2022-01-11 19:28:28 critical Critical
2022-01-11 19:28:28 emergency Emergency
2022-01-11 19:32:02 info Info
2022-01-11 19:32:02 alert Alert
2022-01-11 19:32:02 error Error
2022-01-11 19:32:02 debug Debug
2022-01-11 19:32:02 notice Notice
2022-01-11 19:32:02 warning Warning
2022-01-11 19:32:02 critical Critical
2022-01-11 19:32:02 emergency Emergency
2022-01-11 19:41:56 info Info
2022-01-11 19:41:56 alert Alert
2022-01-11 19:41:56 error Error
2022-01-11 19:41:56 debug Debug
2022-01-11 19:41:56 notice Notice
2022-01-11 19:41:56 warning Warning
2022-01-11 19:41:56 critical Critical
2022-01-11 19:41:56 emergency Emergency
2022-01-11 19:42:41 info Info
2022-01-11 19:42:41 alert Alert
2022-01-11 19:42:41 error Error
2022-01-11 19:42:41 debug Debug
2022-01-11 19:42:41 notice Notice
2022-01-11 19:42:41 warning Warning
2022-01-11 19:42:41 critical Critical
2022-01-11 19:42:41 emergency Emergency
2022-01-11 19:43:51 info Info
2022-01-11 19:43:51 alert Alert
2022-01-11 19:43:51 error Error
2022-01-11 19:43:51 debug Debug
2022-01-11 19:43:51 notice Notice
2022-01-11 19:43:51 warning Warning
2022-01-11 19:43:51 critical Critical
2022-01-11 19:43:51 emergency Emergency
2022-01-11 19:46:30 info Info
2022-01-11 19:46:30 alert Alert
2022-01-11 19:46:30 error Error
2022-01-11 19:46:30 debug Debug
2022-01-11 19:46:30 notice Notice
2022-01-11 19:46:30 warning Warning
2022-01-11 19:46:30 critical Critical
2022-01-11 19:46:30 emergency Emergency
2022-01-11 19:50:08 info Info
2022-01-11 19:50:08 alert Alert
2022-01-11 19:50:08 error Error
2022-01-11 19:50:08 debug Debug
2022-01-11 19:50:08 notice Notice
2022-01-11 19:50:08 warning Warning
2022-01-11 19:50:08 critical Critical
2022-01-11 19:50:08 emergency Emergency
2022-01-11 19:58:03 info Info
2022-01-11 19:58:03 alert Alert
2022-01-11 19:58:03 error Error
2022-01-11 19:58:03 debug Debug
2022-01-11 19:58:03 notice Notice
2022-01-11 19:58:03 warning Warning
2022-01-11 19:58:03 critical Critical
2022-01-11 19:58:03 emergency Emergency
2022-01-11 20:09:44 info Info
2022-01-11 20:09:44 alert Alert
2022-01-11 20:09:44 error Error
2022-01-11 20:09:44 debug Debug
2022-01-11 20:09:44 notice Notice
2022-01-11 20:09:44 warning Warning
2022-01-11 20:09:44 critical Critical
2022-01-11 20:09:44 emergency Emergency
2022-01-11 20:11:28 info Info
2022-01-11 20:11:28 alert Alert
2022-01-11 20:11:28 error Error
2022-01-11 20:11:28 debug Debug
2022-01-11 20:11:28 notice Notice
2022-01-11 20:11:28 warning Warning
2022-01-11 20:11:28 critical Critical
2022-01-11 20:11:28 emergency Emergency
2022-01-11 20:26:32 info Info
2022-01-11 20:26:32 alert Alert
2022-01-11 20:26:32 error Error
2022-01-11 20:26:32 debug Debug
2022-01-11 20:26:32 notice Notice
2022-01-11 20:26:32 warning Warning
2022-01-11 20:26:32 critical Critical
2022-01-11 20:26:32 emergency Emergency
2022-01-11 20:34:26 info Info
2022-01-11 20:34:26 alert Alert
2022-01-11 20:34:26 error Error
2022-01-11 20:34:26 debug Debug
2022-01-11 20:34:26 notice Notice
2022-01-11 20:34:26 warning Warning
2022-01-11 20:34:26 critical Critical
2022-01-11 20:34:26 emergency Emergency
2022-01-11 20:34:48 info Info
2022-01-11 20:34:48 alert Alert
2022-01-11 20:34:48 error Error
2022-01-11 20:34:48 debug Debug
2022-01-11 20:34:48 notice Notice
2022-01-11 20:34:48 warning Warning
2022-01-11 20:34:48 critical Critical
2022-01-11 20:34:48 emergency Emergency
2022-01-11 20:38:58 info Info
2022-01-11 20:38:58 alert Alert
2022-01-11 20:38:58 error Error
2022-01-11 20:38:58 debug Debug
2022-01-11 20:38:58 notice Notice
2022-01-11 20:38:58 warning Warning
2022-01-11 20:38:58 critical Critical
2022-01-11 20:38:58 emergency Emergency
2022-01-11 20:38:58 info Info
2022-01-11 20:38:58 alert Alert
2022-01-11 20:38:58 error Error
2022-01-11 20:38:58 debug Debug
2022-01-11 20:38:58 notice Notice
2022-01-11 20:38:58 warning Warning
2022-01-11 20:38:58 critical Critical
2022-01-11 20:38:58 emergency Emergency
2022-01-11 20:41:00 info Info
2022-01-11 20:41:00 alert Alert
2022-01-11 20:41:00 error Error
2022-01-11 20:41:00 debug Debug
2022-01-11 20:41:00 notice Notice
2022-01-11 20:41:00 warning Warning
2022-01-11 20:41:00 critical Critical
2022-01-11 20:41:00 emergency Emergency
2022-01-11 20:45:31 info Info
2022-01-11 20:45:31 alert Alert
2022-01-11 20:45:31 error Error
2022-01-11 20:45:31 debug Debug
2022-01-11 20:45:31 notice Notice
2022-01-11 20:45:31 warning Warning
2022-01-11 20:45:31 critical Critical
2022-01-11 20:45:31 emergency Emergency
2022-01-11 20:47:52 info Info
2022-01-11 20:47:52 alert Alert
2022-01-11 20:47:52 error Error
2022-01-11 20:47:52 debug Debug
2022-01-11 20:47:52 notice Notice
2022-01-11 20:47:52 warning Warning
2022-01-11 20:47:52 critical Critical
2022-01-11 20:47:52 emergency Emergency
